[1.714s] Invoking command in '/home/salma/new_ws/src/my_robot': DEBUGINFOD_URLS=https://debuginfod.ubuntu.com PYTHONPATH=/home/salma/new_ws/build/my_robot/prefix_override:/usr/lib/python3/dist-packages/colcon_core/task/python/colcon_distutils_commands:/home/salma/new_ws/install/my_robot/lib/python3.12/site-packages:${PYTHONPATH} /usr/bin/python3 -W ignore:setup.py install is deprecated -W ignore:easy_install command is deprecated setup.py egg_info --egg-base ../../build/my_robot build --build-base /home/salma/new_ws/build/my_robot/build install --record /home/salma/new_ws/build/my_robot/install.log --install-scripts $base/lib/my_robot --single-version-externally-managed install_data
[2.252s] running egg_info
[2.291s] writing ../../build/my_robot/my_robot.egg-info/PKG-INFO
[2.292s] writing dependency_links to ../../build/my_robot/my_robot.egg-info/dependency_links.txt
[2.292s] writing entry points to ../../build/my_robot/my_robot.egg-info/entry_points.txt
[2.293s] writing requirements to ../../build/my_robot/my_robot.egg-info/requires.txt
[2.293s] writing top-level names to ../../build/my_robot/my_robot.egg-info/top_level.txt
[2.376s] reading manifest file '../../build/my_robot/my_robot.egg-info/SOURCES.txt'
[2.377s] writing manifest file '../../build/my_robot/my_robot.egg-info/SOURCES.txt'
[2.377s] running build
[2.378s] running build_py
[2.378s] running install
[2.385s] running install_lib
[2.429s] running install_data
[2.429s] running install_egg_info
[2.470s] removing '/home/salma/new_ws/install/my_robot/lib/python3.12/site-packages/my_robot-0.0.0-py3.12.egg-info' (and everything under it)
[2.470s] Copying ../../build/my_robot/my_robot.egg-info to /home/salma/new_ws/install/my_robot/lib/python3.12/site-packages/my_robot-0.0.0-py3.12.egg-info
[2.472s] running install_scripts
[2.553s] Installing yolo_picker script to /home/salma/new_ws/install/my_robot/lib/my_robot
[2.554s] writing list of installed files to '/home/salma/new_ws/build/my_robot/install.log'
[2.584s] Invoked command in '/home/salma/new_ws/src/my_robot' returned '0': DEBUGINFOD_URLS=https://debuginfod.ubuntu.com PYTHONPATH=/home/salma/new_ws/build/my_robot/prefix_override:/usr/lib/python3/dist-packages/colcon_core/task/python/colcon_distutils_commands:/home/salma/new_ws/install/my_robot/lib/python3.12/site-packages:${PYTHONPATH} /usr/bin/python3 -W ignore:setup.py install is deprecated -W ignore:easy_install command is deprecated setup.py egg_info --egg-base ../../build/my_robot build --build-base /home/salma/new_ws/build/my_robot/build install --record /home/salma/new_ws/build/my_robot/install.log --install-scripts $base/lib/my_robot --single-version-externally-managed install_data
