[1.524s] Invoking command in '/home/salma/new_ws/src/my_robot': DEBUGINFOD_URLS=https://debuginfod.ubuntu.com PYTHONPATH=/home/salma/new_ws/build/my_robot/prefix_override:/usr/lib/python3/dist-packages/colcon_core/task/python/colcon_distutils_commands:/home/salma/new_ws/install/my_robot/lib/python3.12/site-packages:${PYTHONPATH} /usr/bin/python3 -W ignore:setup.py install is deprecated -W ignore:easy_install command is deprecated setup.py egg_info --egg-base ../../build/my_robot build --build-base /home/salma/new_ws/build/my_robot/build install --record /home/salma/new_ws/build/my_robot/install.log --install-scripts $base/lib/my_robot --single-version-externally-managed install_data
[1.952s] running egg_info
[1.985s] writing ../../build/my_robot/my_robot.egg-info/PKG-INFO
[1.986s] writing dependency_links to ../../build/my_robot/my_robot.egg-info/dependency_links.txt
[1.986s] writing entry points to ../../build/my_robot/my_robot.egg-info/entry_points.txt
[1.986s] writing requirements to ../../build/my_robot/my_robot.egg-info/requires.txt
[1.986s] writing top-level names to ../../build/my_robot/my_robot.egg-info/top_level.txt
[2.055s] reading manifest file '../../build/my_robot/my_robot.egg-info/SOURCES.txt'
[2.057s] writing manifest file '../../build/my_robot/my_robot.egg-info/SOURCES.txt'
[2.057s] running build
[2.057s] running build_py
[2.057s] running install
[2.063s] running install_lib
[2.096s] running install_data
[2.096s] copying urdf/assistance_robot.urdf.xacro -> /home/salma/new_ws/install/my_robot/share/my_robot/urdf
[2.097s] running install_egg_info
[2.131s] removing '/home/salma/new_ws/install/my_robot/lib/python3.12/site-packages/my_robot-0.0.0-py3.12.egg-info' (and everything under it)
[2.132s] Copying ../../build/my_robot/my_robot.egg-info to /home/salma/new_ws/install/my_robot/lib/python3.12/site-packages/my_robot-0.0.0-py3.12.egg-info
[2.133s] running install_scripts
[2.201s] Installing yolo_picker script to /home/salma/new_ws/install/my_robot/lib/my_robot
[2.201s] writing list of installed files to '/home/salma/new_ws/build/my_robot/install.log'
[2.234s] Invoked command in '/home/salma/new_ws/src/my_robot' returned '0': DEBUGINFOD_URLS=https://debuginfod.ubuntu.com PYTHONPATH=/home/salma/new_ws/build/my_robot/prefix_override:/usr/lib/python3/dist-packages/colcon_core/task/python/colcon_distutils_commands:/home/salma/new_ws/install/my_robot/lib/python3.12/site-packages:${PYTHONPATH} /usr/bin/python3 -W ignore:setup.py install is deprecated -W ignore:easy_install command is deprecated setup.py egg_info --egg-base ../../build/my_robot build --build-base /home/salma/new_ws/build/my_robot/build install --record /home/salma/new_ws/build/my_robot/install.log --install-scripts $base/lib/my_robot --single-version-externally-managed install_data
