[1.272s] Invoking command in '/home/salma/new_ws/src/my_robot': DEBUGINFOD_URLS=https://debuginfod.ubuntu.com PYTHONPATH=/home/salma/new_ws/build/my_robot/prefix_override:/usr/lib/python3/dist-packages/colcon_core/task/python/colcon_distutils_commands:/home/salma/new_ws/install/my_robot/lib/python3.12/site-packages:${PYTHONPATH} /usr/bin/python3 -W ignore:setup.py install is deprecated -W ignore:easy_install command is deprecated setup.py egg_info --egg-base ../../build/my_robot build --build-base /home/salma/new_ws/build/my_robot/build install --record /home/salma/new_ws/build/my_robot/install.log --install-scripts $base/lib/my_robot --single-version-externally-managed install_data
[1.658s] running egg_info
[1.687s] writing ../../build/my_robot/my_robot.egg-info/PKG-INFO
[1.687s] writing dependency_links to ../../build/my_robot/my_robot.egg-info/dependency_links.txt
[1.688s] writing entry points to ../../build/my_robot/my_robot.egg-info/entry_points.txt
[1.688s] writing requirements to ../../build/my_robot/my_robot.egg-info/requires.txt
[1.688s] writing top-level names to ../../build/my_robot/my_robot.egg-info/top_level.txt
[1.750s] reading manifest file '../../build/my_robot/my_robot.egg-info/SOURCES.txt'
[1.751s] writing manifest file '../../build/my_robot/my_robot.egg-info/SOURCES.txt'
[1.751s] running build
[1.752s] running build_py
[1.752s] running install
[1.757s] running install_lib
[1.788s] running install_data
[1.789s] copying urdf/assistance_robot.urdf.xacro -> /home/salma/new_ws/install/my_robot/share/my_robot/urdf
[1.789s] running install_egg_info
[1.820s] removing '/home/salma/new_ws/install/my_robot/lib/python3.12/site-packages/my_robot-0.0.0-py3.12.egg-info' (and everything under it)
[1.820s] Copying ../../build/my_robot/my_robot.egg-info to /home/salma/new_ws/install/my_robot/lib/python3.12/site-packages/my_robot-0.0.0-py3.12.egg-info
[1.821s] running install_scripts
[1.882s] Installing yolo_picker script to /home/salma/new_ws/install/my_robot/lib/my_robot
[1.882s] writing list of installed files to '/home/salma/new_ws/build/my_robot/install.log'
[1.909s] Invoked command in '/home/salma/new_ws/src/my_robot' returned '0': DEBUGINFOD_URLS=https://debuginfod.ubuntu.com PYTHONPATH=/home/salma/new_ws/build/my_robot/prefix_override:/usr/lib/python3/dist-packages/colcon_core/task/python/colcon_distutils_commands:/home/salma/new_ws/install/my_robot/lib/python3.12/site-packages:${PYTHONPATH} /usr/bin/python3 -W ignore:setup.py install is deprecated -W ignore:easy_install command is deprecated setup.py egg_info --egg-base ../../build/my_robot build --build-base /home/salma/new_ws/build/my_robot/build install --record /home/salma/new_ws/build/my_robot/install.log --install-scripts $base/lib/my_robot --single-version-externally-managed install_data
