running egg_info
writing ../../build/my_robot/my_robot.egg-info/PKG-INFO
writing dependency_links to ../../build/my_robot/my_robot.egg-info/dependency_links.txt
writing entry points to ../../build/my_robot/my_robot.egg-info/entry_points.txt
writing requirements to ../../build/my_robot/my_robot.egg-info/requires.txt
writing top-level names to ../../build/my_robot/my_robot.egg-info/top_level.txt
reading manifest file '../../build/my_robot/my_robot.egg-info/SOURCES.txt'
writing manifest file '../../build/my_robot/my_robot.egg-info/SOURCES.txt'
running build
running build_py
running install
running install_lib
running install_data
copying launch/simulation.launch.py -> /home/salma/new_ws/install/my_robot/share/my_robot/launch
copying urdf/assistance_robot.urdf.xacro -> /home/salma/new_ws/install/my_robot/share/my_robot/urdf
copying config/ros2_controllers.yaml -> /home/salma/new_ws/install/my_robot/share/my_robot/config
running install_egg_info
removing '/home/salma/new_ws/install/my_robot/lib/python3.12/site-packages/my_robot-0.0.0-py3.12.egg-info' (and everything under it)
Copying ../../build/my_robot/my_robot.egg-info to /home/salma/new_ws/install/my_robot/lib/python3.12/site-packages/my_robot-0.0.0-py3.12.egg-info
running install_scripts
Installing yolo_picker script to /home/salma/new_ws/install/my_robot/lib/my_robot
writing list of installed files to '/home/salma/new_ws/build/my_robot/install.log'
