[3.110s] Invoking command in '/home/salma/new_ws/src/my_robot': DEBUGINFOD_URLS=https://debuginfod.ubuntu.com PYTHONPATH=/home/salma/new_ws/build/my_robot/prefix_override:/usr/lib/python3/dist-packages/colcon_core/task/python/colcon_distutils_commands:/home/salma/new_ws/install/my_robot/lib/python3.12/site-packages:${PYTHONPATH} /usr/bin/python3 -W ignore:setup.py install is deprecated -W ignore:easy_install command is deprecated setup.py egg_info --egg-base ../../build/my_robot build --build-base /home/salma/new_ws/build/my_robot/build install --record /home/salma/new_ws/build/my_robot/install.log --install-scripts $base/lib/my_robot --single-version-externally-managed install_data
[4.037s] running egg_info
[4.110s] writing ../../build/my_robot/my_robot.egg-info/PKG-INFO
[4.111s] writing dependency_links to ../../build/my_robot/my_robot.egg-info/dependency_links.txt
[4.112s] writing entry points to ../../build/my_robot/my_robot.egg-info/entry_points.txt
[4.112s] writing requirements to ../../build/my_robot/my_robot.egg-info/requires.txt
[4.112s] writing top-level names to ../../build/my_robot/my_robot.egg-info/top_level.txt
[4.304s] reading manifest file '../../build/my_robot/my_robot.egg-info/SOURCES.txt'
[4.307s] writing manifest file '../../build/my_robot/my_robot.egg-info/SOURCES.txt'
[4.308s] running build
[4.308s] running build_py
[4.308s] running install
[4.318s] running install_lib
[4.409s] running install_data
[4.410s] running install_egg_info
[4.508s] removing '/home/salma/new_ws/install/my_robot/lib/python3.12/site-packages/my_robot-0.0.0-py3.12.egg-info' (and everything under it)
[4.508s] Copying ../../build/my_robot/my_robot.egg-info to /home/salma/new_ws/install/my_robot/lib/python3.12/site-packages/my_robot-0.0.0-py3.12.egg-info
[4.514s] running install_scripts
[4.701s] Installing yolo_picker script to /home/salma/new_ws/install/my_robot/lib/my_robot
[4.701s] writing list of installed files to '/home/salma/new_ws/build/my_robot/install.log'
[4.764s] Invoked command in '/home/salma/new_ws/src/my_robot' returned '0': DEBUGINFOD_URLS=https://debuginfod.ubuntu.com PYTHONPATH=/home/salma/new_ws/build/my_robot/prefix_override:/usr/lib/python3/dist-packages/colcon_core/task/python/colcon_distutils_commands:/home/salma/new_ws/install/my_robot/lib/python3.12/site-packages:${PYTHONPATH} /usr/bin/python3 -W ignore:setup.py install is deprecated -W ignore:easy_install command is deprecated setup.py egg_info --egg-base ../../build/my_robot build --build-base /home/salma/new_ws/build/my_robot/build install --record /home/salma/new_ws/build/my_robot/install.log --install-scripts $base/lib/my_robot --single-version-externally-managed install_data
