[2.528s] Invoking command in '/home/salma/new_ws/src/my_robot': DEBUGINFOD_URLS=https://debuginfod.ubuntu.com PYTHONPATH=/home/salma/new_ws/build/my_robot/prefix_override:/usr/lib/python3/dist-packages/colcon_core/task/python/colcon_distutils_commands:/home/salma/new_ws/install/my_robot/lib/python3.12/site-packages:${PYTHONPATH} /usr/bin/python3 -W ignore:setup.py install is deprecated -W ignore:easy_install command is deprecated setup.py egg_info --egg-base ../../build/my_robot build --build-base /home/salma/new_ws/build/my_robot/build install --record /home/salma/new_ws/build/my_robot/install.log --install-scripts $base/lib/my_robot --single-version-externally-managed install_data
[3.217s] running egg_info
[3.267s] writing ../../build/my_robot/my_robot.egg-info/PKG-INFO
[3.268s] writing dependency_links to ../../build/my_robot/my_robot.egg-info/dependency_links.txt
[3.268s] writing entry points to ../../build/my_robot/my_robot.egg-info/entry_points.txt
[3.269s] writing requirements to ../../build/my_robot/my_robot.egg-info/requires.txt
[3.269s] writing top-level names to ../../build/my_robot/my_robot.egg-info/top_level.txt
[3.378s] reading manifest file '../../build/my_robot/my_robot.egg-info/SOURCES.txt'
[3.388s] writing manifest file '../../build/my_robot/my_robot.egg-info/SOURCES.txt'
[3.389s] running build
[3.389s] running build_py
[3.389s] running install
[3.397s] running install_lib
[3.459s] running install_data
[3.459s] copying config/ros2_controllers.yaml -> /home/salma/new_ws/install/my_robot/share/my_robot/config
[3.460s] running install_egg_info
[3.512s] removing '/home/salma/new_ws/install/my_robot/lib/python3.12/site-packages/my_robot-0.0.0-py3.12.egg-info' (and everything under it)
[3.512s] Copying ../../build/my_robot/my_robot.egg-info to /home/salma/new_ws/install/my_robot/lib/python3.12/site-packages/my_robot-0.0.0-py3.12.egg-info
[3.530s] running install_scripts
[3.631s] Installing yolo_picker script to /home/salma/new_ws/install/my_robot/lib/my_robot
[3.632s] writing list of installed files to '/home/salma/new_ws/build/my_robot/install.log'
[3.667s] Invoked command in '/home/salma/new_ws/src/my_robot' returned '0': DEBUGINFOD_URLS=https://debuginfod.ubuntu.com PYTHONPATH=/home/salma/new_ws/build/my_robot/prefix_override:/usr/lib/python3/dist-packages/colcon_core/task/python/colcon_distutils_commands:/home/salma/new_ws/install/my_robot/lib/python3.12/site-packages:${PYTHONPATH} /usr/bin/python3 -W ignore:setup.py install is deprecated -W ignore:easy_install command is deprecated setup.py egg_info --egg-base ../../build/my_robot build --build-base /home/salma/new_ws/build/my_robot/build install --record /home/salma/new_ws/build/my_robot/install.log --install-scripts $base/lib/my_robot --single-version-externally-managed install_data
