[1.138s] Invoking command in '/home/salma/new_ws/src/my_robot': DEBUGINFOD_URLS=https://debuginfod.ubuntu.com PYTHONPATH=/home/salma/new_ws/build/my_robot/prefix_override:/usr/lib/python3/dist-packages/colcon_core/task/python/colcon_distutils_commands:/home/salma/new_ws/install/my_robot/lib/python3.12/site-packages:${PYTHONPATH} /usr/bin/python3 -W ignore:setup.py install is deprecated -W ignore:easy_install command is deprecated setup.py egg_info --egg-base ../../build/my_robot build --build-base /home/salma/new_ws/build/my_robot/build install --record /home/salma/new_ws/build/my_robot/install.log --install-scripts $base/lib/my_robot --single-version-externally-managed install_data
[1.475s] running egg_info
[1.504s] creating ../../build/my_robot/my_robot.egg-info
[1.504s] writing ../../build/my_robot/my_robot.egg-info/PKG-INFO
[1.504s] writing dependency_links to ../../build/my_robot/my_robot.egg-info/dependency_links.txt
[1.505s] writing entry points to ../../build/my_robot/my_robot.egg-info/entry_points.txt
[1.505s] writing requirements to ../../build/my_robot/my_robot.egg-info/requires.txt
[1.505s] writing top-level names to ../../build/my_robot/my_robot.egg-info/top_level.txt
[1.505s] writing manifest file '../../build/my_robot/my_robot.egg-info/SOURCES.txt'
[1.564s] reading manifest file '../../build/my_robot/my_robot.egg-info/SOURCES.txt'
[1.564s] writing manifest file '../../build/my_robot/my_robot.egg-info/SOURCES.txt'
[1.565s] running build
[1.565s] running build_py
[1.565s] creating /home/salma/new_ws/build/my_robot/build/lib/my_robot
[1.565s] copying my_robot/__init__.py -> /home/salma/new_ws/build/my_robot/build/lib/my_robot
[1.565s] copying my_robot/yolo_picker_node.py -> /home/salma/new_ws/build/my_robot/build/lib/my_robot
[1.565s] running install
[1.570s] running install_lib
[1.600s] creating /home/salma/new_ws/install/my_robot/lib/python3.12/site-packages/my_robot
[1.600s] copying /home/salma/new_ws/build/my_robot/build/lib/my_robot/__init__.py -> /home/salma/new_ws/install/my_robot/lib/python3.12/site-packages/my_robot
[1.600s] copying /home/salma/new_ws/build/my_robot/build/lib/my_robot/yolo_picker_node.py -> /home/salma/new_ws/install/my_robot/lib/python3.12/site-packages/my_robot
[1.600s] byte-compiling /home/salma/new_ws/install/my_robot/lib/python3.12/site-packages/my_robot/__init__.py to __init__.cpython-312.pyc
[1.600s] byte-compiling /home/salma/new_ws/install/my_robot/lib/python3.12/site-packages/my_robot/yolo_picker_node.py to yolo_picker_node.cpython-312.pyc
[1.602s] running install_data
[1.602s] creating /home/salma/new_ws/install/my_robot/share/ament_index/resource_index/packages
[1.603s] copying resource/my_robot -> /home/salma/new_ws/install/my_robot/share/ament_index/resource_index/packages
[1.603s] copying package.xml -> /home/salma/new_ws/install/my_robot/share/my_robot
[1.603s] creating /home/salma/new_ws/install/my_robot/share/my_robot/launch
[1.603s] copying launch/simulation.launch.py -> /home/salma/new_ws/install/my_robot/share/my_robot/launch
[1.603s] creating /home/salma/new_ws/install/my_robot/share/my_robot/urdf
[1.603s] copying urdf/assistance_robot.urdf.xacro -> /home/salma/new_ws/install/my_robot/share/my_robot/urdf
[1.603s] creating /home/salma/new_ws/install/my_robot/share/my_robot/config
[1.603s] copying config/camera_bridge.yaml -> /home/salma/new_ws/install/my_robot/share/my_robot/config
[1.603s] running install_egg_info
[1.632s] Copying ../../build/my_robot/my_robot.egg-info to /home/salma/new_ws/install/my_robot/lib/python3.12/site-packages/my_robot-0.0.0-py3.12.egg-info
[1.633s] running install_scripts
[1.690s] Installing yolo_picker script to /home/salma/new_ws/install/my_robot/lib/my_robot
[1.690s] writing list of installed files to '/home/salma/new_ws/build/my_robot/install.log'
[1.717s] Invoked command in '/home/salma/new_ws/src/my_robot' returned '0': DEBUGINFOD_URLS=https://debuginfod.ubuntu.com PYTHONPATH=/home/salma/new_ws/build/my_robot/prefix_override:/usr/lib/python3/dist-packages/colcon_core/task/python/colcon_distutils_commands:/home/salma/new_ws/install/my_robot/lib/python3.12/site-packages:${PYTHONPATH} /usr/bin/python3 -W ignore:setup.py install is deprecated -W ignore:easy_install command is deprecated setup.py egg_info --egg-base ../../build/my_robot build --build-base /home/salma/new_ws/build/my_robot/build install --record /home/salma/new_ws/build/my_robot/install.log --install-scripts $base/lib/my_robot --single-version-externally-managed install_data
